teste12333123124124124
